[2026-03-12 14:06:06] Reading general Settings from ini file - C:\work\project\nextcap\iLink\iLink2026\iLink2026\bin\Debug\iLink2026.ini
[2026-03-12 14:37:42] Reading general Settings from ini file - C:\work\project\nextcap\iLink\iLink2026\iLink2026\bin\Debug\iLink2026.ini
[2026-03-12 14:39:52] Reading general Settings from ini file - C:\work\project\nextcap\iLink\iLink2026\iLink2026\bin\Debug\iLink2026.ini
[2026-03-12 14:43:17] Reading general Settings from ini file - C:\work\project\nextcap\iLink\iLink2026\iLink2026\bin\Debug\iLink2026.ini
[2026-03-12 14:46:47] Reading Bank information from ini file - C:\work\project\nextcap\iLink\iLink2026\iLink2026\bin\Debug\iLink2026.ini
[2026-03-12 14:47:53] Reading general Settings from ini file - C:\work\project\nextcap\iLink\iLink2026\iLink2026\bin\Debug\iLink2026.ini
[2026-03-12 14:48:01] Reading Bank information from ini file - C:\work\project\nextcap\iLink\iLink2026\iLink2026\bin\Debug\iLink2026.ini
[2026-03-12 14:57:49] Reading general Settings from ini file - C:\work\project\nextcap\iLink\iLink2026\iLink2026\bin\Debug\iLink2026.ini
[2026-03-12 14:57:49] Reading Bank information from ini file - C:\work\project\nextcap\iLink\iLink2026\iLink2026\bin\Debug\iLink2026.ini
[2026-03-12 14:58:48] Reading general Settings from ini file - C:\work\project\nextcap\iLink\iLink2026\iLink2026\bin\Debug\iLink2026.ini
[2026-03-12 14:58:49] Reading Bank information from ini file - C:\work\project\nextcap\iLink\iLink2026\iLink2026\bin\Debug\iLink2026.ini
[2026-03-12 15:00:45] Reading general Settings from ini file - C:\work\project\nextcap\iLink\iLink2026\iLink2026\bin\Debug\iLink2026.ini
[2026-03-12 15:00:45] Reading Bank information from ini file - C:\work\project\nextcap\iLink\iLink2026\iLink2026\bin\Debug\iLink2026.ini
[2026-03-12 15:01:19] Reading CAP Decision rules from ini file - C:\work\project\nextcap\iLink\iLink2026\iLink2026\bin\Debug\tij2x_gen2_rules.ini
[2026-03-12 15:07:01] Reading general Settings from ini file - C:\work\project\nextcap\iLink\iLink2026\iLink2026\bin\Debug\iLink2026.ini
[2026-03-12 15:07:01] Reading Bank information from ini file - C:\work\project\nextcap\iLink\iLink2026\iLink2026\bin\Debug\iLink2026.ini
[2026-03-12 15:15:38] Reading CAP Decision rules from ini file - C:\work\project\nextcap\iLink\iLink2026\iLink2026\bin\Debug\tij2x_gen2_rules.ini
[2026-03-12 15:27:46] Reading general Settings from ini file - C:\work\project\nextcap\iLink\iLink2026\iLink2026\bin\Debug\iLink2026.ini
[2026-03-12 15:27:46] Reading Bank information from ini file - C:\work\project\nextcap\iLink\iLink2026\iLink2026\bin\Debug\iLink2026.ini
[2026-03-12 15:27:54] Reading CAP Decision rules from ini file - C:\work\project\nextcap\iLink\iLink2026\iLink2026\bin\Debug\tij2x_gen2_rules.ini
[2026-03-12 15:30:06] Reading Priority Failures from ini file - C:\work\project\nextcap\iLink\iLink2026\iLink2026\bin\Debug\tij2x_gen2_rules.ini
[2026-03-12 15:31:51] Reading Test Levels from ini file - C:\work\project\nextcap\iLink\iLink2026\iLink2026\bin\Debug\tij2x_gen2_rules.ini
[2026-03-12 16:28:39] Checking for INSPECTOR Results... 
[2026-03-12 16:40:50] Found 0 results.
[2026-03-12 16:46:16] Reading general Settings from ini file - C:\work\project\nextcap\iLink\iLink2026\iLink2026\bin\Debug\iLink2026.ini
[2026-03-12 16:46:16] Reading Bank information from ini file - C:\work\project\nextcap\iLink\iLink2026\iLink2026\bin\Debug\iLink2026.ini
[2026-03-12 16:46:18] Reading CAP Decision rules from ini file - C:\work\project\nextcap\iLink\iLink2026\iLink2026\bin\Debug\tij2x_gen2_rules.ini
[2026-03-12 16:46:20] Reading Priority Failures from ini file - C:\work\project\nextcap\iLink\iLink2026\iLink2026\bin\Debug\tij2x_gen2_rules.ini
[2026-03-12 16:46:20] Reading Test Levels from ini file - C:\work\project\nextcap\iLink\iLink2026\iLink2026\bin\Debug\tij2x_gen2_rules.ini
[2026-03-12 16:46:32] Checking for INSPECTOR Results... 
[2026-03-12 16:54:40] ERROR: ** ERROR : ReadDataFromBanks - -2147467262 - Conversion from string "Illegal characters in path." to type 'Integer' is not valid.
[2026-03-12 16:55:01] Reading general Settings from ini file - C:\work\project\nextcap\iLink\iLink2026\iLink2026\bin\Debug\iLink2026.ini
[2026-03-12 16:55:01] Reading Bank information from ini file - C:\work\project\nextcap\iLink\iLink2026\iLink2026\bin\Debug\iLink2026.ini
[2026-03-12 16:55:01] Reading CAP Decision rules from ini file - C:\work\project\nextcap\iLink\iLink2026\iLink2026\bin\Debug\tij2x_gen2_rules.ini
[2026-03-12 16:55:01] Reading Priority Failures from ini file - C:\work\project\nextcap\iLink\iLink2026\iLink2026\bin\Debug\tij2x_gen2_rules.ini
[2026-03-12 16:55:01] Reading Test Levels from ini file - C:\work\project\nextcap\iLink\iLink2026\iLink2026\bin\Debug\tij2x_gen2_rules.ini
[2026-03-12 16:55:02] Checking for INSPECTOR Results... 
[2026-03-12 16:55:02] ERROR: ** ERROR : ReadDataFromBanks - -2147467262 - Conversion from string "Illegal characters in path." to type 'Integer' is not valid.
[2026-03-12 16:55:17] Reading general Settings from ini file - C:\work\project\nextcap\iLink\iLink2026\iLink2026\bin\Debug\iLink2026.ini
[2026-03-12 16:55:17] Reading Bank information from ini file - C:\work\project\nextcap\iLink\iLink2026\iLink2026\bin\Debug\iLink2026.ini
[2026-03-12 16:55:17] Reading CAP Decision rules from ini file - C:\work\project\nextcap\iLink\iLink2026\iLink2026\bin\Debug\tij2x_gen2_rules.ini
[2026-03-12 16:55:17] Reading Priority Failures from ini file - C:\work\project\nextcap\iLink\iLink2026\iLink2026\bin\Debug\tij2x_gen2_rules.ini
[2026-03-12 16:55:17] Reading Test Levels from ini file - C:\work\project\nextcap\iLink\iLink2026\iLink2026\bin\Debug\tij2x_gen2_rules.ini
[2026-03-12 16:55:22] Checking for INSPECTOR Results... 
[2026-03-12 16:58:58] Reading general Settings from ini file - C:\work\project\nextcap\iLink\iLink2026\iLink2026\bin\Debug\iLink2026.ini
[2026-03-12 16:58:58] Reading Bank information from ini file - C:\work\project\nextcap\iLink\iLink2026\iLink2026\bin\Debug\iLink2026.ini
[2026-03-12 16:58:58] Reading CAP Decision rules from ini file - C:\work\project\nextcap\iLink\iLink2026\iLink2026\bin\Debug\tij2x_gen2_rules.ini
[2026-03-12 16:58:58] Reading Priority Failures from ini file - C:\work\project\nextcap\iLink\iLink2026\iLink2026\bin\Debug\tij2x_gen2_rules.ini
[2026-03-12 16:58:58] Reading Test Levels from ini file - C:\work\project\nextcap\iLink\iLink2026\iLink2026\bin\Debug\tij2x_gen2_rules.ini
[2026-03-12 16:58:58] Checking for INSPECTOR Results... 
[2026-03-12 16:58:58] Opening - C:\work\project\nextcap\iLink\iLink2026\SummaryLog_EncryptTxt\k05p2fdo31623001 1.txt
[2026-03-12 16:58:58] Found 0 results.
[2026-03-12 16:59:07] Reading general Settings from ini file - C:\work\project\nextcap\iLink\iLink2026\iLink2026\bin\Debug\iLink2026.ini
[2026-03-12 16:59:07] Reading Bank information from ini file - C:\work\project\nextcap\iLink\iLink2026\iLink2026\bin\Debug\iLink2026.ini
[2026-03-12 16:59:07] Reading CAP Decision rules from ini file - C:\work\project\nextcap\iLink\iLink2026\iLink2026\bin\Debug\tij2x_gen2_rules.ini
[2026-03-12 16:59:07] Reading Priority Failures from ini file - C:\work\project\nextcap\iLink\iLink2026\iLink2026\bin\Debug\tij2x_gen2_rules.ini
[2026-03-12 16:59:07] Reading Test Levels from ini file - C:\work\project\nextcap\iLink\iLink2026\iLink2026\bin\Debug\tij2x_gen2_rules.ini
[2026-03-12 16:59:12] Checking for INSPECTOR Results... 
[2026-03-12 17:00:17] Opening - C:\work\project\nextcap\iLink\iLink2026\SummaryLog_EncryptTxt\k05p2fdo31623001 1.txt
[2026-03-12 17:03:21] Reading general Settings from ini file - C:\work\project\nextcap\iLink\iLink2026\iLink2026\bin\Debug\iLink2026.ini
[2026-03-12 17:03:21] Reading Bank information from ini file - C:\work\project\nextcap\iLink\iLink2026\iLink2026\bin\Debug\iLink2026.ini
[2026-03-12 17:03:21] Reading CAP Decision rules from ini file - C:\work\project\nextcap\iLink\iLink2026\iLink2026\bin\Debug\tij2x_gen2_rules.ini
[2026-03-12 17:03:21] Reading Priority Failures from ini file - C:\work\project\nextcap\iLink\iLink2026\iLink2026\bin\Debug\tij2x_gen2_rules.ini
[2026-03-12 17:03:21] Reading Test Levels from ini file - C:\work\project\nextcap\iLink\iLink2026\iLink2026\bin\Debug\tij2x_gen2_rules.ini
[2026-03-12 17:03:21] Checking for INSPECTOR Results... 
[2026-03-12 17:03:27] Opening - C:\work\project\nextcap\iLink\iLink2026\SummaryLog_EncryptTxt\k05p2fdo31623001 1.txt
[2026-03-12 17:10:57] Found 0 results.
[2026-03-12 17:11:08] Reading general Settings from ini file - C:\work\project\nextcap\iLink\iLink2026\iLink2026\bin\Debug\iLink2026.ini
[2026-03-12 17:11:08] Reading Bank information from ini file - C:\work\project\nextcap\iLink\iLink2026\iLink2026\bin\Debug\iLink2026.ini
[2026-03-12 17:11:08] Reading CAP Decision rules from ini file - C:\work\project\nextcap\iLink\iLink2026\iLink2026\bin\Debug\tij2x_gen2_rules.ini
[2026-03-12 17:11:08] Reading Priority Failures from ini file - C:\work\project\nextcap\iLink\iLink2026\iLink2026\bin\Debug\tij2x_gen2_rules.ini
[2026-03-12 17:11:08] Reading Test Levels from ini file - C:\work\project\nextcap\iLink\iLink2026\iLink2026\bin\Debug\tij2x_gen2_rules.ini
[2026-03-12 17:11:08] Checking for INSPECTOR Results... 
[2026-03-12 17:11:13] Opening - C:\work\project\nextcap\iLink\iLink2026\SummaryLog_EncryptTxt\k05p2fdo31623001 1.txt
[2026-03-12 17:13:12] Found 1 results.
[2026-03-12 17:16:24] ERROR: ** ERROR : addTestResults - -2146233088 - Database connection is not open - SQL: 
[2026-03-12 17:23:54] Reading general Settings from ini file - C:\work\project\nextcap\iLink\iLink2026\iLink2026\bin\Debug\iLink2026.ini
[2026-03-12 17:23:54] Reading Bank information from ini file - C:\work\project\nextcap\iLink\iLink2026\iLink2026\bin\Debug\iLink2026.ini
[2026-03-12 17:23:54] Reading CAP Decision rules from ini file - C:\work\project\nextcap\iLink\iLink2026\iLink2026\bin\Debug\tij2x_gen2_rules.ini
[2026-03-12 17:23:54] Reading Priority Failures from ini file - C:\work\project\nextcap\iLink\iLink2026\iLink2026\bin\Debug\tij2x_gen2_rules.ini
[2026-03-12 17:23:54] Reading Test Levels from ini file - C:\work\project\nextcap\iLink\iLink2026\iLink2026\bin\Debug\tij2x_gen2_rules.ini
[2026-03-12 17:23:54] Checking for INSPECTOR Results... 
[2026-03-12 17:23:54] Opening - C:\work\project\nextcap\iLink\iLink2026\SummaryLog_EncryptTxt\k05p2fdo31623001 1.txt
[2026-03-12 17:23:54] Found 1 results.
[2026-03-12 17:24:09] Calculating Failmodes... 
[2026-03-13 15:15:30] Reading general Settings from ini file - C:\work\project\nextcap\iLink\iLink2026\iLink2026\bin\Debug\iLink2026.ini
[2026-03-13 15:19:38] Reading Bank information from ini file - C:\work\project\nextcap\iLink\iLink2026\iLink2026\bin\Debug\iLink2026.ini
[2026-03-13 15:19:40] Reading CAP Decision rules from ini file - C:\work\project\nextcap\iLink\iLink2026\iLink2026\bin\Debug\tij2x_gen2_rules.ini
[2026-03-13 15:19:43] Reading Priority Failures from ini file - C:\work\project\nextcap\iLink\iLink2026\iLink2026\bin\Debug\tij2x_gen2_rules.ini
[2026-03-13 15:19:44] Reading Test Levels from ini file - C:\work\project\nextcap\iLink\iLink2026\iLink2026\bin\Debug\tij2x_gen2_rules.ini
[2026-03-13 15:40:50] Reading general Settings from ini file - C:\work\project\nextcap\iLink\iLink2026\iLink2026\bin\Debug\iLink2026.ini
[2026-03-13 15:40:50] Reading Bank information from ini file - C:\work\project\nextcap\iLink\iLink2026\iLink2026\bin\Debug\iLink2026.ini
[2026-03-13 15:40:50] Reading CAP Decision rules from ini file - C:\work\project\nextcap\iLink\iLink2026\iLink2026\bin\Debug\tij2x_gen2_rules.ini
[2026-03-13 15:40:50] Reading Priority Failures from ini file - C:\work\project\nextcap\iLink\iLink2026\iLink2026\bin\Debug\tij2x_gen2_rules.ini
[2026-03-13 15:40:50] Reading Test Levels from ini file - C:\work\project\nextcap\iLink\iLink2026\iLink2026\bin\Debug\tij2x_gen2_rules.ini
[2026-03-13 15:41:12] Checking for INSPECTOR Results... 
[2026-03-13 15:41:13] Opening - C:\work\project\nextcap\iLink\iLink2026\SummaryLog_EncryptTxt\k05p2fdo31623001 1.txt
[2026-03-13 15:41:13] Found 1 results.
[2026-03-13 15:41:29] Calculating Failmodes... 
[2026-03-13 15:45:36] Pen ID:2757509304798715 has overall failmode of: NTF
[2026-03-13 15:46:50] Inserting ps: k05p2fdo31623001 pen_id: 2757509304798715 Failcode: NTF to finishedData Table.
[2026-03-13 15:46:51] Deleting Datafile: C:\work\project\nextcap\iLink\iLink2026\SummaryLog_EncryptTxt\k05p2fdo31623001 1.txt
[2026-03-16 15:02:00] Reading general Settings from ini file - C:\work\project\nextcap\iLink\iLink2026\iLink2026\bin\Debug\iLink2026.ini
[2026-03-16 15:02:00] Reading Bank information from ini file - C:\work\project\nextcap\iLink\iLink2026\iLink2026\bin\Debug\iLink2026.ini
[2026-03-16 15:02:00] Reading CAP Decision rules from ini file - C:\work\project\nextcap\iLink\iLink2026\iLink2026\bin\Debug\tij2x_gen2_rules.ini
[2026-03-16 15:02:00] Reading Priority Failures from ini file - C:\work\project\nextcap\iLink\iLink2026\iLink2026\bin\Debug\tij2x_gen2_rules.ini
[2026-03-16 15:02:00] Reading Test Levels from ini file - C:\work\project\nextcap\iLink\iLink2026\iLink2026\bin\Debug\tij2x_gen2_rules.ini
[2026-03-16 15:02:14] Checking for INSPECTOR Results... 
[2026-03-16 15:04:29] Opening - C:\work\project\nextcap\iLink\iLink2026\SummaryLog_EncryptTxt\k05p2fdo31623001 1.txt
[2026-03-16 15:10:10] Reading general Settings from ini file - C:\work\project\nextcap\iLink\iLink2026\iLink2026\bin\Debug\iLink2026.ini
[2026-03-16 15:10:10] Reading Bank information from ini file - C:\work\project\nextcap\iLink\iLink2026\iLink2026\bin\Debug\iLink2026.ini
[2026-03-16 15:10:10] Reading CAP Decision rules from ini file - C:\work\project\nextcap\iLink\iLink2026\iLink2026\bin\Debug\tij2x_gen2_rules.ini
[2026-03-16 15:10:10] Reading Priority Failures from ini file - C:\work\project\nextcap\iLink\iLink2026\iLink2026\bin\Debug\tij2x_gen2_rules.ini
[2026-03-16 15:10:10] Reading Test Levels from ini file - C:\work\project\nextcap\iLink\iLink2026\iLink2026\bin\Debug\tij2x_gen2_rules.ini
[2026-03-16 15:10:17] Checking for INSPECTOR Results... 
[2026-03-16 15:10:34] Opening - C:\work\project\nextcap\iLink\iLink2026\SummaryLog_EncryptTxt\k05p2fdo31623001 1.txt
[2026-03-16 15:15:41] Opening - C:\work\project\nextcap\iLink\iLink2026\SummaryLog_EncryptTxt\k0MM4mqma2621001.txt
[2026-03-16 15:16:27] Reading general Settings from ini file - C:\work\project\nextcap\iLink\iLink2026\iLink2026\bin\Debug\iLink2026.ini
[2026-03-16 15:16:27] Reading Bank information from ini file - C:\work\project\nextcap\iLink\iLink2026\iLink2026\bin\Debug\iLink2026.ini
[2026-03-16 15:16:27] Reading CAP Decision rules from ini file - C:\work\project\nextcap\iLink\iLink2026\iLink2026\bin\Debug\tij2x_gen2_rules.ini
[2026-03-16 15:16:27] Reading Priority Failures from ini file - C:\work\project\nextcap\iLink\iLink2026\iLink2026\bin\Debug\tij2x_gen2_rules.ini
[2026-03-16 15:16:27] Reading Test Levels from ini file - C:\work\project\nextcap\iLink\iLink2026\iLink2026\bin\Debug\tij2x_gen2_rules.ini
[2026-03-16 15:16:35] Checking for INSPECTOR Results... 
[2026-03-16 15:16:36] Opening - C:\work\project\nextcap\iLink\iLink2026\SummaryLog_EncryptTxt\k05p2fdo31623001 1.txt
[2026-03-16 15:16:36] Found 1 results.
[2026-03-16 15:16:45] Reading general Settings from ini file - C:\work\project\nextcap\iLink\iLink2026\iLink2026\bin\Debug\iLink2026.ini
[2026-03-16 15:16:45] Reading Bank information from ini file - C:\work\project\nextcap\iLink\iLink2026\iLink2026\bin\Debug\iLink2026.ini
[2026-03-16 15:16:45] Reading CAP Decision rules from ini file - C:\work\project\nextcap\iLink\iLink2026\iLink2026\bin\Debug\tij2x_gen2_rules.ini
[2026-03-16 15:16:45] Reading Priority Failures from ini file - C:\work\project\nextcap\iLink\iLink2026\iLink2026\bin\Debug\tij2x_gen2_rules.ini
[2026-03-16 15:16:45] Reading Test Levels from ini file - C:\work\project\nextcap\iLink\iLink2026\iLink2026\bin\Debug\tij2x_gen2_rules.ini
[2026-03-16 15:16:51] Checking for INSPECTOR Results... 
[2026-03-16 15:16:58] Opening - C:\work\project\nextcap\iLink\iLink2026\SummaryLog_EncryptTxt\k05p2fdo31623001 1.txt
[2026-03-16 15:20:09] Reading general Settings from ini file - C:\work\project\nextcap\iLink\iLink2026\iLink2026\bin\Debug\iLink2026.ini
[2026-03-16 15:20:09] Reading Bank information from ini file - C:\work\project\nextcap\iLink\iLink2026\iLink2026\bin\Debug\iLink2026.ini
[2026-03-16 15:20:09] Reading CAP Decision rules from ini file - C:\work\project\nextcap\iLink\iLink2026\iLink2026\bin\Debug\tij2x_gen2_rules.ini
[2026-03-16 15:20:09] Reading Priority Failures from ini file - C:\work\project\nextcap\iLink\iLink2026\iLink2026\bin\Debug\tij2x_gen2_rules.ini
[2026-03-16 15:20:09] Reading Test Levels from ini file - C:\work\project\nextcap\iLink\iLink2026\iLink2026\bin\Debug\tij2x_gen2_rules.ini
[2026-03-16 15:20:14] Checking for INSPECTOR Results... 
[2026-03-16 15:26:51] Reading general Settings from ini file - C:\work\project\nextcap\iLink\iLink2026\iLink2026\bin\Debug\iLink2026.ini
[2026-03-16 15:26:52] Reading Bank information from ini file - C:\work\project\nextcap\iLink\iLink2026\iLink2026\bin\Debug\iLink2026.ini
[2026-03-16 15:26:52] Reading CAP Decision rules from ini file - C:\work\project\nextcap\iLink\iLink2026\iLink2026\bin\Debug\tij2x_gen2_rules.ini
[2026-03-16 15:26:52] Reading Priority Failures from ini file - C:\work\project\nextcap\iLink\iLink2026\iLink2026\bin\Debug\tij2x_gen2_rules.ini
[2026-03-16 15:26:52] Reading Test Levels from ini file - C:\work\project\nextcap\iLink\iLink2026\iLink2026\bin\Debug\tij2x_gen2_rules.ini
[2026-03-16 15:26:58] Checking for INSPECTOR Results... 
[2026-03-16 15:27:02] Opening - C:\work\project\nextcap\iLink\iLink2026\SummaryLog_EncryptTxt\k05p2fdo31623001 1.txt
[2026-03-16 15:27:20] Found 1 results.
[2026-03-16 15:30:36] Inserting ps: k05p2fdo31623001 pen_id: 2757509304798715 Failcode: NTF to finishedData Table.
[2026-03-16 15:33:30] Deleting Datafile: C:\work\project\nextcap\iLink\iLink2026\SummaryLog_EncryptTxt\k05p2fdo31623001 1.txt
[2026-03-16 15:33:47] Calculating Failmodes... 
[2026-03-16 15:38:46] Reading general Settings from ini file - C:\work\project\nextcap\iLink\iLink2026\iLink2026\bin\Debug\iLink2026.ini
[2026-03-16 15:38:46] Reading Bank information from ini file - C:\work\project\nextcap\iLink\iLink2026\iLink2026\bin\Debug\iLink2026.ini
[2026-03-16 15:38:46] Reading CAP Decision rules from ini file - C:\work\project\nextcap\iLink\iLink2026\iLink2026\bin\Debug\tij2x_gen2_rules.ini
[2026-03-16 15:38:46] Reading Priority Failures from ini file - C:\work\project\nextcap\iLink\iLink2026\iLink2026\bin\Debug\tij2x_gen2_rules.ini
[2026-03-16 15:38:46] Reading Test Levels from ini file - C:\work\project\nextcap\iLink\iLink2026\iLink2026\bin\Debug\tij2x_gen2_rules.ini
[2026-03-16 15:38:53] Checking for INSPECTOR Results... 
[2026-03-16 15:39:17] Reading general Settings from ini file - C:\work\project\nextcap\iLink\iLink2026\iLink2026\bin\Debug\iLink2026.ini
[2026-03-16 15:39:17] Reading Bank information from ini file - C:\work\project\nextcap\iLink\iLink2026\iLink2026\bin\Debug\iLink2026.ini
[2026-03-16 15:39:17] Reading CAP Decision rules from ini file - C:\work\project\nextcap\iLink\iLink2026\iLink2026\bin\Debug\tij2x_gen2_rules.ini
[2026-03-16 15:39:17] Reading Priority Failures from ini file - C:\work\project\nextcap\iLink\iLink2026\iLink2026\bin\Debug\tij2x_gen2_rules.ini
[2026-03-16 15:39:17] Reading Test Levels from ini file - C:\work\project\nextcap\iLink\iLink2026\iLink2026\bin\Debug\tij2x_gen2_rules.ini
[2026-03-16 15:39:24] Checking for INSPECTOR Results... 
[2026-03-16 15:39:32] Opening - C:\work\project\nextcap\iLink\iLink2026\SummaryLog_EncryptTxt\k05p2fdo31623001 1.txt
[2026-03-16 15:42:55] Found 1 results.
[2026-03-16 15:43:12] Inserting ps: k05p2fdo31623001 pen_id: 2757509304798715 Failcode: NTF to finishedData Table.
[2026-03-16 15:43:32] Deleting Datafile: C:\work\project\nextcap\iLink\iLink2026\SummaryLog_EncryptTxt\k05p2fdo31623001 1.txt
[2026-03-16 15:43:40] Calculating Failmodes... 
[2026-03-16 15:55:38] ERROR: ** WARNING : getHigestPriorityFailcode - Priority array is empty
[2026-03-16 15:55:38] ERROR: ** WARNING : getHigestPriorityFailcode - Failcode array is empty
[2026-03-16 15:55:38] ERROR: ** WARNING : getHigestPriorityFailcode - Failcode array is empty
[2026-03-16 15:55:38] ERROR: ** WARNING : getHigestPriorityFailcode - Failcode array is empty
[2026-03-16 15:55:38] Pen ID:2757509304798715 has overall failmode of: NTF
[2026-03-16 15:55:48] Reading general Settings from ini file - C:\work\project\nextcap\iLink\iLink2026\iLink2026\bin\Debug\iLink2026.ini
[2026-03-16 15:55:48] Reading Bank information from ini file - C:\work\project\nextcap\iLink\iLink2026\iLink2026\bin\Debug\iLink2026.ini
[2026-03-16 15:55:48] Reading CAP Decision rules from ini file - C:\work\project\nextcap\iLink\iLink2026\iLink2026\bin\Debug\tij2x_gen2_rules.ini
